// Jest Snapshot v1, https://goo.gl/fbAQLP

exports[`BannerWithSingleText Matches snapshot 1`] = `
<div>
  <section
    class="MuiBox-root css-icw4o5"
  >
    <h3
      class="MuiTypography-root MuiTypography-h3 css-ym28df-MuiTypography-root"
    >
      Snapshot test
    </h3>
  </section>
</div>
`;
