// Jest Snapshot v1, https://goo.gl/fbAQLP

exports[`BaseButton Matches snapshot with default props 1`] = `undefined`;
